[www.beyond.agency/index.html]
[backblue.gif]
[fade.gif]
[index.html]
[cdn.prod.website-files.com/64d5a5c422bbdb7736bee9ce/css/beyond-subscription.shared.e54378fcb.min.css]
[use.typekit.net/daq5qnk.js]
[cdn.prod.website-files.com/64d5a5c422bbdb7736bee9ce/65be5d8c2d4517942beadb10_Favicon.png]
[cdn.jsdelivr.net/npm/@finsweet/cookie-consent@1/fs-cc.js]
[pagead2.googlesyndication.com/pagead/js/f7f4f.txt]
[cdn.jsdelivr.net/npm/@finsweet/attributes-numbercount@1/numbercount.js]
[www.beyond.agency/newsletter.html]
[www.beyond.agency/about.html]
[www.beyond.agency/portfolio.html]
[www.beyond.agency/industries.html]
[www.beyond.agency/affiliate.html]
[www.beyond.agency/portfolio/ocean-dynamics.html]
[www.beyond.agency/portfolio/ramp-crm.html]
[www.beyond.agency/services/consultancy.html]
[www.beyond.agency/services/strategy.html]
[www.beyond.agency/services/operations.html]
[www.beyond.agency/services/ai-automation.html]
[www.beyond.agency/services/data-insights.html]
[www.beyond.agency/services/hosting-and-support.html]
[www.beyond.agency/services/branding.html]
[www.beyond.agency/services/website.html]
[www.beyond.agency/services/content-writing.html]
[www.beyond.agency/services/video-production.html]
[www.beyond.agency/services/social-media.html]
[www.beyond.agency/services/seo.html]
[www.beyond.agency/services/email-sms-marketing.html]
[www.beyond.agency/services/ux-ui.html]
[www.beyond.agency/services/ppc.html]
[www.beyond.agency/services/paid-social.html]
[www.beyond.agency/calculators.html]
[www.beyond.agency/calculators/marketwise.html]
[www.beyond.agency/resources/consultancy-chris-emma.html]
[cdn.prod.website-files.com/64d5a5c522bbdb7736beea24/678a51d5b603a94afc68e499_Call with Chris and Emma - OG.png]
[www.beyond.agency/resources.html]
[www.beyond.agency/blog/how-to-rank-on-chatgpt-a-guide-to-dominating-ai-search.html]
[cdn.prod.website-files.com/64d5a5c522bbdb7736beea24/682852b4f384ece4be4435f0_How to Rank on ChatGPT_ A Guide to Dominating AI Search.png]
[www.beyond.agency/blog.html]
[www.beyond.agency/subscription.html]
[www.beyond.agency/stacker.html]
[www.beyond.agency/book-a-call.html]
[www.beyond.agency/bundles.html]
[www.beyond.agency/pricing.html]
[cdn.prod.website-files.com/64d5a5c422bbdb7736bee9ce/670be6868fb5f4edc8afb55a_Marketing Audit Checklist Product Image 4.png]
[www.beyond.agency/resources/essential-marketing-checklist.html]
[cdn.prod.website-files.com/64d5a5c422bbdb7736bee9ce/6726685d8efb3dd335758b4d_Bundle.png]
[www.beyond.agency/resources/marketing-bundle.html]
[www.beyond.agency/legal/privacy-policy.html]
[cdn.prod.website-files.com/64d5a5c422bbdb7736bee9ce/64d5c509e439fc57543f7f8c_sub-header_review-image-1.jpg]
[cdn.prod.website-files.com/64d5a5c422bbdb7736bee9ce/64d5c50abf0d6ee6999e7b5d_sub-header_review-image-2.jpg]
[cdn.prod.website-files.com/64d5a5c422bbdb7736bee9ce/64d5c509845e9f1b5284ae7b_sub-header_review-image-3.jpg]
[cdn.prod.website-files.com/64d5a5c422bbdb7736bee9ce/64d5c50abf8d81d90affc8a7_sub-header_review-image-4.jpg]
[cdn.prod.website-files.com/64d5a5c422bbdb7736bee9ce/64d5c50aa7b505860eb95e7f_sub-header_review-image-5.jpg]
[cdn.prod.website-files.com/64d5a5c422bbdb7736bee9ce/64d5f25ec697c456bba4c22c_cta-bg-poster-00001.jpg]
[www.beyond.agency/portfolio/targeted-provision.html]
[www.beyond.agency/portfolio/barnardos-see-hear-respond.html]
[www.beyond.agency/portfolio/no-pitch-club.html]
[www.beyond.agency/portfolio/infinite-edge.html]
[www.beyond.agency/portfolio/trusted-technology.html]
[www.beyond.agency/portfolio/esland-care.html]
[cdn.prod.website-files.com/64d5a5c522bbdb7736beea24/67e560846e851435e3dc7ac9_OG.png]
[www.beyond.agency/portfolio/imfuna.html]
[www.beyond.agency/portfolio/adcock-solutions.html]
[www.beyond.agency/portfolio/vidgrid.html]
[www.beyond.agency/portfolio/learning-cubs.html]
[www.beyond.agency/portfolio/zoosh.html]
[www.beyond.agency/portfolio/tixserve.html]
[www.beyond.agency/portfolio/configure.html]
[www.beyond.agency/portfolio/codept.html]
[www.beyond.agency/portfolio/copper-tax.html]
[www.beyond.agency/portfolio/eonlabs.html]
[www.beyond.agency/portfolio/coinflo.html]
[www.beyond.agency/portfolio/internal-results.html]
[www.beyond.agency/portfolio/learning-hive.html]
[www.beyond.agency/portfolio/jobi-capital.html]
[www.beyond.agency/portfolio/prospectbase.html]
[www.beyond.agency/portfolio/saicho-drinks.html]
[www.beyond.agency/portfolio/jobi.html]
[www.beyond.agency/portfolio/optimum-motorsport.html]
[www.beyond.agency/portfolio/unloc.html]
[www.beyond.agency/portfolio/caleo.html]
[www.beyond.agency/portfolio/morrisby.html]
[www.beyond.agency/portfolio/cookup.html]
[www.beyond.agency/trial-task.html]
[unpkg.com/swiper@8.4.7/swiper-bundle.min.js]
[www.beyond.agency/services/digital-marketing.html]
[api.leadconnectorhq.com/js/reviews_widget.js]
[cdn.prod.website-files.com/64d5a5c522bbdb7736beea24/65a3106c6b92beab47132065_ClarityScore Calculator.png]
[www.beyond.agency/contact.html]
[www.beyond.agency/webflow-partner.html]
[www.beyond.agency/legal.html]
[www.beyond.agency/legal/cookies.html]
[www.beyond.agency/legal/terms-conditions.html]
[www.beyond.agency/legal/acceptable-use-policy.html]
[www.beyond.agency/legal/disclaimer.html]
[www.beyond.agency/legal/dmca-policy.html]
[www.beyond.agency/legal/refund-policy.html]
[d3e54v103j8qbb.cloudfront.net/js/jquery-3.5.1.min.dc5e7f18c8e158.js]
[cdn.prod.website-files.com/64d5a5c422bbdb7736bee9ce/js/beyond-subscription.schunk.36b8fb49256177c8.js]
[cdn.prod.website-files.com/64d5a5c422bbdb7736bee9ce/js/beyond-subscription.schunk.4d4ea2e8f33329b1.js]
[cdn.prod.website-files.com/64d5a5c422bbdb7736bee9ce/js/beyond-subscription.4cb10fd5.0a4b0d42938a921c.js]
[beta.leadconnectorhq.com/loader.js]
[cdnjs.cloudflare.com/ajax/libs/gsap/3.12.3/gsap.min.js]
[www.beyond.agency/index.html]
[cdn.prod.website-files.com/64d5a5c422bbdb7736bee9ce/css/beyond-subscription.shared.e54378fcb.min.css]
[www.googletagmanager.com/gtm5445.html]
[cdnjs.cloudflare.com/ajax/libs/gsap/3.12.3/ScrollTrigger.min.js]
[www.beyond.agency/newsletter.html]
[link.joinramp.com/js/form_embed.js]
[cdn.prod.website-files.com/64d5a5c522bbdb7736beea24/67e56089ce46bebf08b940ef_Preview Tile.png]
[www.beyond.agency/portfolio.html]
[www.beyond.agency/about.html]
[www.beyond.agency/careers.html]
[www.beyond.agency/industries/non-profit-social-enterprises.html]
[www.beyond.agency/industries/cryptocurrency.html]
[www.beyond.agency/industries/edtech.html]
[www.beyond.agency/industries/fintech.html]
[www.beyond.agency/industries/hospitality-travel.html]
[www.beyond.agency/industries/real-estate-construction.html]
[www.beyond.agency/industries/retail-ecommerce.html]
[www.beyond.agency/industries.html]
[www.beyond.agency/industries/saas-products.html]
[cdn.jsdelivr.net/npm/@finsweet/attributes-rangeslider@1/rangeslider.js]
[www.beyond.agency/affiliate-sign-up.html]
[www.beyond.agency/affiliate.html]
[cdn.jsdelivr.net/npm/@finsweet/attributes-a11y@1/a11y.js]
[cdn.jsdelivr.net/npm/@deltaclan/splitter@1/dist/splitter.js]
[cdn.prod.website-files.com/64d5a5c522bbdb7736beea24/65af9bb3b48a4f988d4724eb_Ocean Dynamics Social.gif]
[cdnjs.cloudflare.com/ajax/libs/gsap/3.12.5/gsap.min.js]
[www.beyond.agency/portfolio/ocean-dynamics.html]
[cdnjs.cloudflare.com/ajax/libs/gsap/3.12.5/ScrollTrigger.min.js]
[cdn.prod.website-files.com/64d5a5c522bbdb7736beea24/65abb97cffb5aab7d2a5c3d0_Ramp Portrait.gif]
[cdn.prod.website-files.com/64d5a5c522bbdb7736beea24/65abb9e37f6c64ebfaea4ca7_Ramp Graphics.gif]
[cdn.prod.website-files.com/64d5a5c522bbdb7736beea24/65abb9686aa5617c477d7db2_Ramp People.gif]
[www.beyond.agency/portfolio/ramp-crm.html]
[cdn.prod.website-files.com/64d5a5c522bbdb7736beea24/675a914f3692d9c4f41b32e5_Consultancy.png]
[cdn.prod.website-files.com/64d5a5c522bbdb7736beea24/66bca737eb3bb69dce905d5f_Stacker Calculator.png]
[www.beyond.agency/services/consultancy.html]
[www.beyond.agency/services/strategy.html]
[cdn.prod.website-files.com/64d5a5c522bbdb7736beea24/65a311a00cc3d2b98dd7711b_Ramp.png]
[www.beyond.agency/services/operations.html]
[www.beyond.agency/services/ai-automation.html]
[www.beyond.agency/services/data-insights.html]
[cdn.prod.website-files.com/64d5a5c522bbdb7736beea24/657f41a1621c934154f20720_Website Calculator Graphic.png]
[www.beyond.agency/services/hosting-and-support.html]
[cdn.prod.website-files.com/64d5a5c522bbdb7736beea24/65a2c3b4b68f50c20aec2221_Brand.png]
[cdn.prod.website-files.com/64d5a5c522bbdb7736beea24/657f41ac1e8318870c06cb9a_Brand Calculator Graphic.png]
[www.beyond.agency/services/branding.html]
[fast.wistia.com/assets/external/E-v1.js]
[www.beyond.agency/services/website.html]
[www.beyond.agency/calculators/website-calculator.html]
[cdn.prod.website-files.com/64d5a5c522bbdb7736beea24/662c97d9252e40c5790d603f_UX.png]
[www.beyond.agency/services/ux-ui.html]
[www.beyond.agency/blog/the-optimum-blog-post-length-for-seo.html]
[www.beyond.agency/services/content-writing.html]
[cdn.prod.website-files.com/64d5a5c522bbdb7736beea24/657f41b4da303a85ac63bc2e_Video Calculator Graphic.png]
[www.beyond.agency/services/video-production.html]
[www.beyond.agency/calculators/video-calculator.html]
[www.beyond.agency/services/social-media.html]
[www.beyond.agency/services/seo.html]
[www.beyond.agency/blog/the-evolution-of-ai-in-search-google-sge.html]
[cdn.prod.website-files.com/64d5a5c522bbdb7736beea24/65a3100457bde59b250796ed_Email.png]
[www.beyond.agency/services/email-sms-marketing.html]
[cdn.prod.website-files.com/64d5a5c522bbdb7736beea24/65a2c23ddd92a6a5af1f6dbe_Advertising Calculator.png]
[www.beyond.agency/services/ppc.html]
[www.beyond.agency/services/paid-social.html]
[cdn.jsdelivr.net/npm/@finsweet/attributes-inputactive@1/inputactive.js]
[unpkg.com/tippy.js@6.3.7/themes/light.css]
[unpkg.com/@popperjs/core@2.11.8/dist/umd/popper.min.js]
[unpkg.com/tippy.js@6.3.7/dist/tippy-bundle.umd.js]
[www.beyond.agency/choose-your-plan.html]
[www.beyond.agency/calculators/marketwise.html]
[www.beyond.agency/calculators/brand-calculator.html]
[www.beyond.agency/calculators.html]
[www.beyond.agency/calculators/advertising-calculator.html]
[cdn.prod.website-files.com/64d5a5c522bbdb7736beea24/678a51d7a0c5725ff5521cde_Consultancy call with Chris and Emma.png]
[link.beyond.agency/js/form_embed.js]
[cdn.prod.website-files.com/64d5a5c522bbdb7736beea24/672677fc89bafca56c277831_Coaching call with Chris.png]
[www.beyond.agency/resources/call-with-chris.html]
[cdn.prod.website-files.com/64d5a5c522bbdb7736beea24/67265e2251b60d8f62ea2010_5-Min Marketing Canvas - Product Image.png]
[www.beyond.agency/resources/5-minute-marketing-canvas.html]
[cdn.prod.website-files.com/64d5a5c522bbdb7736beea24/66556d5aeaecff4a0f17b2ed_Ultimate Website Audit.png]
[www.beyond.agency/resources/consultancy-chris-emma.html]
[cdn.jsdelivr.net/npm/@finsweet/attributes-cmsload@1/cmsload.js]
[cdn.jsdelivr.net/npm/@finsweet/attributes-cmsfilter@1/cmsfilter.js]
[www.beyond.agency/resources/every-al-tool-weve-used-to-scale-our-agency-to-1m.html]
[cdn.prod.website-files.com/64d5a5c522bbdb7736beea24/67278c6ce0e8b1f4abb7fa76_The Marketing Bundle - Product Image.png]
[cdn.prod.website-files.com/64d5a5c522bbdb7736beea24/662379e9316335c8ee13872d_Marketing Audit Checklist Product Image.png]
[cdn.prod.website-files.com/64d5a5c522bbdb7736beea24/6655761f23ec4482b0bbe27e_Ultimate Website Audit, Competitor Review, Executive Summary & One-to-One Session.png]
[www.beyond.agency/resources/clarityscore.html]
[cdn.prod.website-files.com/64d5a5c522bbdb7736beea24/660156da2bba4dad25ebae67_Webflow Product Image.png]
[www.beyond.agency/resources/ultimate-seo-checklist.html]
[cdn.prod.website-files.com/64d5a5c522bbdb7736beea24/675bdc2fe43073cc5fbc9c4a_Automation in Small Businesses - Product Image.png]
[www.beyond.agency/resources/automation-in-small-businesses-checklist.html]
[cdn.prod.website-files.com/64d5a5c522bbdb7736beea24/6726508722628d01e6559694_Social Media Planner.png]
[www.beyond.agency/resources/social-media-planner.html]
[www.beyond.agency/resources/soios-template.html]
[cdn.prod.website-files.com/64d5a5c522bbdb7736beea24/6726780b25a42b11562937cc_Coaching call with Emma.png]
[www.beyond.agency/resources.html]
[www.beyond.agency/resources/call-with-emma.html]
[cdn.jsdelivr.net/npm/@finsweet/attributes-socialshare@1/socialshare.js]
[cdn.jsdelivr.net/npm/@finsweet/attributes-copyclip@1/copyclip.js]
[cdn.prod.website-files.com/64d5a5c422bbdb7736bee9ce/65489f22b1880ea3b2128fe2_emma.png]
[cdn.prod.website-files.com/64d5a5c522bbdb7736beea24/682857e82ce14e7ca2c6efae_AD_4nXevbzqw1-dnJQXrZV3Oni_qZ8HwaYYs7ctCTouXE0z1UTfWwjd3i2Rx5dc8WwIYmJfkxE_Nq6KV49iwqx4vzpts8DIXmJinOQK5_fnK4pT9NWiy23]
[cdn.prod.website-files.com/64d5a5c522bbdb7736beea24/68285875a4473c888c298323_AD_4nXdHCB92dagJwtmnHs6wUbh3u-qwT5DPJFpmvAIy7TTnz4zRKdQNfxceTNydHfOMhugu3CAVMs_czVViW-BD9kPCVN4PLsrq6acsYtswW7CYF5OUox]
[cdn.prod.website-files.com/64d5a5c522bbdb7736beea24/6601628a399791da7f101856_Ad Graphic.png]
[cdn.prod.website-files.com/64d5a5c522bbdb7736beea24/6724e3896ed795f07ce02a16_How to Track Your Google Rankings_ A Comprehensive Guide.png]
[www.beyond.agency/blog/tracking-google-rankings-seo-tools-to-improve-your-performance.html]
[cdn.prod.website-files.com/64d5a5c522bbdb7736beea24/6721bf20a97e8f432dfbb42c_Global Expansion_ 4 Steps to International Marketing Success.png]
[www.beyond.agency/blog/4-steps-to-international-marketing-success.html]
[cdn.prod.website-files.com/64d5a5c522bbdb7736beea24/6721bf0689fcc3de53cf44b7_Launching into the GCC Market_ Localization Strategies.png]
[www.beyond.agency/blog/launching-into-the-gcc-market-localization-strategies.html]
[www.beyond.agency/blog/how-to-rank-on-chatgpt-a-guide-to-dominating-ai-search.html]
[www.beyond.agency/blog/how-much-does-a-digital-marketing-agency-cost.html]
[cdn.prod.website-files.com/64d5a5c522bbdb7736beea24/67233104cb0e23d2d0babfe2_How much does marketing cost_.png]
[www.beyond.agency/blog/the-secret-to-revenue-growth-boosting-business-performance-through-website-bandwidth.html]
[cdn.prod.website-files.com/64d5a5c522bbdb7736beea24/66f7f7f5ddcf6dbd1dc4b67e_Boosting Business Performance Through Website Bandwidth_ The Secret to Revenue Growth.jpg]
[www.beyond.agency/blog/how-to-boost-email-open-rates.html]
[cdn.prod.website-files.com/64d5a5c522bbdb7736beea24/66c110a5f4b6452af633dc02_A Guide to Email Marketing.png]
[www.beyond.agency/blog/implementing-marketing-automation-reducing-costs-by-25-while-increasing-efficiency.html]
[cdn.prod.website-files.com/64d5a5c522bbdb7736beea24/6721ce81d4914cd094321117_Marketing Automation.png]
[www.beyond.agency/blog/the-power-of-blogging-3-reasons-businesses-should-write-more.html]
[cdn.prod.website-files.com/64d5a5c522bbdb7736beea24/65487f3b4dd34ae38963480c_650f2a83cf17d52afd297da5_The%20Power%20of%20Blogging_%203%20Reasons%20Businesses%20Should%20Write%20More-1.jpg]
[www.beyond.agency/blog/10-ways-to-bulletproof-your-marketing-strategy-through-the-recession.html]
[cdn.prod.website-files.com/64d5a5c522bbdb7736beea24/6721ba2b212eb710c973a575_Effective Content Marketing Strategy.jpg]
[www.beyond.agency/blog/how-much-does-a-website-cost.html]
[cdn.prod.website-files.com/64d5a5c522bbdb7736beea24/6721ba49e300270aa5b72c8f_How much does a website cost.jpg]
[www.beyond.agency/blog/is-seo-dead.html]
[cdn.prod.website-files.com/64d5a5c522bbdb7736beea24/65487f39eecb661f14f0a4cd_640f3ba1f37f140cde4afbbb_Is%20SEO%20Dead_.jpg]
[cdn.prod.website-files.com/64d5a5c522bbdb7736beea24/65487f337d76af5bc7969383_640f3a68eebb4477b8e79f95_10%20Common%20Mistakes%20Google%20Rank.jpg]
[www.beyond.agency/blog/10-common-mistakes-that-hurt-your-google-rankings.html]
[cdn.prod.website-files.com/64d5a5c522bbdb7736beea24/65487f353b487c5707606004_640f3a890a3f805de6f141ed_GMB%20Profile.jpg]
[www.beyond.agency/blog/why-isnt-my-new-website-ranking-on-google.html]
[cdn.prod.website-files.com/64d5a5c522bbdb7736beea24/65487f3d9973ca268748d2a0_63f1f27a11a38b54742bac8f_website%20ranking%20google%20OG.jpg]
[www.beyond.agency/blog/how-to-outrank-competitors-with-higher-google-rankings.html]
[cdn.prod.website-files.com/64d5a5c522bbdb7736beea24/65487f381db4259bcd223f29_63de6e34efea3fbc0af76a04_How%20to%20get%20No%201%20Ranking%20on%20Google%20in%202023%20-%20OG.jpg]
[www.beyond.agency/blog/bing-is-back-or-is-it-a-fierce-battle-google-vs-bing.html]
[cdn.prod.website-files.com/64d5a5c522bbdb7736beea24/65487f3709c1e7779fd11777_63f1f12a8eda933ab29dec47_Bing%20is%20Back!%20OG.jpg]
[www.beyond.agency/blog/content-is-king-perfecting-your-content-first-design.html]
[cdn.prod.website-files.com/64d5a5c522bbdb7736beea24/6721b602ec9cfe3706e10a72_Content is King.jpg]
[www.beyond.agency/blog/will-ai-content-replace-creative-copywriters.html]
[cdn.prod.website-files.com/64d5a5c522bbdb7736beea24/65487f3e52f1824c8144da42_63d92e9465f63b72344b993d_Will%20AI%20content%20creation%20replace%20copywriters_%20OG.jpg]
[www.beyond.agency/blog/will-ai-take-my-job-in-2023-and-beyond.html]
[cdn.prod.website-files.com/64d5a5c522bbdb7736beea24/65487f3eb75117a8e8782d86_63e580b7f0b25a71a76e7131_WILL%20AI%20TAKE%20MY%20JOB_%202023%20-%20OG.jpg]
[www.beyond.agency/blog/a-guide-to-keyword-research-and-article-creation.html]
[cdn.prod.website-files.com/64d5a5c522bbdb7736beea24/6721ba09b8f00bd1b2331bad_A guide to keyword research and article creation.png]
[www.beyond.agency/blog/8-of-the-best-marketing-campaigns-in-2022.html]
[cdn.prod.website-files.com/64d5a5c522bbdb7736beea24/65487f35267ff6e091e17bb7_6386ee23e59d2014e2ad7c4e_8%20best%20marketing%20campaigns%20OG.png]
[www.beyond.agency/blog/how-ai-emerging-technologies-are-changing-the-creative-landscape.html]
[cdn.prod.website-files.com/64d5a5c522bbdb7736beea24/65487f381c79cfcab4817c1d_650f31093a7474c148cf051c_AI%20%26%20Emerging%20Technologies.jpg]
[www.beyond.agency/blog/5-top-trends-every-marketer-should-be-aware-of-in-2023.html]
[cdn.prod.website-files.com/64d5a5c522bbdb7736beea24/6721c45b81352a173e66b07d_Marketing Trends.png]
[www.beyond.agency/blog/semrush-vs-ubersuggest-which-seo-tool-is-best.html]
[cdn.prod.website-files.com/64d5a5c522bbdb7736beea24/65487f3b33bcb7719b8ddc90_62d6c29f902c4c7df191f16a_Semrush%20vs%20Ubersuggests%20OG.png]
[www.beyond.agency/blog/why-you-should-hire-a-digital-marketing-agency.html]
[cdn.prod.website-files.com/64d5a5c522bbdb7736beea24/6721c43ba97e8f432d01528c_6 reasons you need a digital marketing agency.png]
[www.beyond.agency/blog/marketing-campaigns-on-a-budget.html]
[cdn.prod.website-files.com/64d5a5c522bbdb7736beea24/65487f3ac19c37b0a87fe32d_6386f0108470be41844fef3c_Marketing%20Campaigns%20on%20a%20Budget!%20OG.png]
[www.beyond.agency/blog/the-ultimate-guide-to-a-successful-marketing-campaign.html]
[cdn.prod.website-files.com/64d5a5c522bbdb7736beea24/65487f3b2b48519ef195efd0_631f34b0e4f4ab0aef992e49_Marketing%20Campaign%20-%20OG.png]
[www.beyond.agency/blog/how-often-should-i-refresh-my-website.html]
[cdn.prod.website-files.com/64d5a5c522bbdb7736beea24/65487f38b1880ea3b2f9e268_650f332e52b6db6597fbab85_How%20Often%20Should%20I%20Refresh%20My%20Website%20Design_.jpg]
[cdn.prod.website-files.com/64d5a5c522bbdb7736beea24/65487f3cc9bf384335a8ad6b_63ff30887b6c3f00ffe3ac31_Webflow%20vs%20WordPress%20OG.jpg]
[www.beyond.agency/blog/webflow-vs-wordpress.html]
[www.beyond.agency/blog/hubspot-vs-mailchimp-whats-the-best-marketing-platform.html]
[cdn.prod.website-files.com/64d5a5c522bbdb7736beea24/65487f39303b28ed06d6fa0b_62d66ef8805d94059f3a9ff2_Hubspot%20vs%20Mailchimp%20OG.png]
[www.beyond.agency/blog/paid-vs-organic-marketing-which-reaps-the-best-results.html]
[cdn.prod.website-files.com/64d5a5c522bbdb7736beea24/65487f3b09c1e7779fd11b0a_631f10cd3a2f70120724b3cc_Paid%20vs%20Organic%20-%20OG.png]
[www.beyond.agency/blog/web-3-0-explained.html]
[cdn.prod.website-files.com/64d5a5c522bbdb7736beea24/6721bddc01900f7a775b7d73_Web 3.0 Explained.png]
[www.beyond.agency/blog/will-ai-take-my-job.html]
[cdn.prod.website-files.com/64d5a5c522bbdb7736beea24/6721b4c50614eaa9d5b9ca41_Will AI Take My Job.jpg]
[www.beyond.agency/blog/what-is-artificial-intelligence.html]
[cdn.prod.website-files.com/64d5a5c522bbdb7736beea24/65487f3d0224277c0feeb218_6282bb398ae8f58da924d870_What%20is%20AI%20OG.jpg]
[cdn.prod.website-files.com/64d5a5c522bbdb7736beea24/6721c056d036805205b2e83a_Optimum Blog Length for SEO.png]
[www.beyond.agency/blog/3-ways-to-build-an-effective-content-marketing-strategy-in-2023.html]
[cdn.prod.website-files.com/64d5a5c522bbdb7736beea24/65487f34c7a8b83cced4df04_633027dd58d0ca4b0326bfdc_Marketing%20Trends%20-%20OG.jpg]
[www.beyond.agency/blog/a-guide-to-design-marketing-in-the-metaverse.html]
[cdn.prod.website-files.com/64d5a5c522bbdb7736beea24/65487f3633bcb7719b8dda10_61fa622858f1e637a1ecec47_design%20and%20marketing%20in%20the%20metaverse%20OG.jpg]
[www.beyond.agency/blog/metaverse-explained-what-it-is-why-it-exists-where-its-going.html]
[cdn.prod.website-files.com/64d5a5c522bbdb7736beea24/65487f3a2b48519ef195ef22_61fa5378dc80dfb4ce7ee664_Blog%20-%20metaverse%20-%20OG.jpg]
[www.beyond.agency/blog/5-tips-to-reduce-your-websites-bounce-rate.html]
[cdn.prod.website-files.com/64d5a5c522bbdb7736beea24/6721cd97baa56edba4f12353_Reducing Bounce Rate.png]
[www.beyond.agency/blog/15-great-ideas-for-your-business-instagram-reels.html]
[cdn.prod.website-files.com/64d5a5c522bbdb7736beea24/6725e9dadbd8307facd86005_15 Great Ideas for Business Instagram Reels.png]
[www.beyond.agency/blog/webflow-vs-hubspot-which-cms-is-better.html]
[cdn.prod.website-files.com/64d5a5c522bbdb7736beea24/65487f3c1db4259bcd224120_63ff30767b6c3fd094e399ab_Webflow%20vs%20HubSpot.%20OG.jpg]
[www.beyond.agency/blog/5-ways-remote-digital-agencies-can-strive-to-become-carbon-neutral-in-2022.html]
[cdn.prod.website-files.com/64d5a5c522bbdb7736beea24/65487f35d4f6279df27fbed6_61c468e533d2431430227e94_Blog%20Post%20-%20Carbon%20Neutral%20-%20OG.jpg]
[www.beyond.agency/blog/top-10-design-trends-for-2022.html]
[cdn.prod.website-files.com/64d5a5c522bbdb7736beea24/65487f3bbba4fa0fbdac1e21_61b23d52a1824693eb03c638_Design%20Trends%202022%20OG.jpg]
[www.beyond.agency/blog/mvp-website-approach.html]
[cdn.prod.website-files.com/64d5a5c522bbdb7736beea24/65487f3a09c1e7779fd11a03_6150df1bd7384245cba5b0a7_The%20Benefits%20of%20Taking%20an%20MVP%20Approach%20to%20your%20Website.jpg]
[www.beyond.agency/blog/8-website-trends-to-look-out-for-in-2022.html]
[cdn.prod.website-files.com/64d5a5c522bbdb7736beea24/65487f364dd34ae3896344c4_61b23d2a3d3cf8d107db65a9_Website%20Trends%202022%20OG.jpg]
[www.beyond.agency/blog/digital-psychology-in-marketing.html]
[cdn.prod.website-files.com/64d5a5c522bbdb7736beea24/65487f38d619ee53a9122bab_6150df4d0938466ab1709d2f_Digital%20psychology.jpg]
[www.beyond.agency/blog/5-tips-to-increase-website-conversion.html]
[cdn.prod.website-files.com/64d5a5c522bbdb7736beea24/65487f34e24a65900bb2de80_6150def84f9f41327d2b3481_5%20Tips%20to%20Increase%20Website%20Conversion.jpg]
[www.beyond.agency/blog/how-you-can-prepare-your-website-for-googles-core-update.html]
[cdn.prod.website-files.com/64d5a5c522bbdb7736beea24/65487f39303b28ed06d6fa7b_60a57f7af03b327cc97c9300_Google%27s%20core%20update.jpg]
[www.beyond.agency/blog/why-remote-digital-agencies-are-moving-to-4-day-workweeks.html]
[cdn.prod.website-files.com/64d5a5c522bbdb7736beea24/6725ddf2b8433aaae58c445c_4 day workweek.png]
[www.beyond.agency/blog/website-trends-2021.html]
[cdn.prod.website-files.com/64d5a5c522bbdb7736beea24/65487f3d7a4896c258f57665_602033708f67cc72d8e998e6_Website%20Trends%202021-1.jpg]
[www.beyond.agency/blog/8-principles-of-great-website-design.html]
[cdn.prod.website-files.com/64d5a5c522bbdb7736beea24/6725e9736bbbf87b04ad8957_8 Principles of Great Website Design.png]
[www.beyond.agency/blog.html]
[cdn.jsdelivr.net/npm/@finsweet/attributes-cmsnest@1/cmsnest.js]
[cdn.prod.website-files.com/64d5a5c522bbdb7736beea24/650bee795958571cd6e2dc30_sub-portfolio_image-Learning Cubs.jpg]
[cdn.prod.website-files.com/64d5a5c522bbdb7736beea24/650bee8a3d24a43c5f8bd062_sub-portfolio_image-tixserve.jpg]
[cdn.prod.website-files.com/64d5a5c522bbdb7736beea24/650beea25958571cd6e30e82_sub-portfolio_image-Configure.jpg]
[cdn.prod.website-files.com/64d5a5c522bbdb7736beea24/650beeba33ac666345165251_sub-portfolio_image-No Pitch Club.jpg]
[cdn.prod.website-files.com/64d5a5c522bbdb7736beea24/650beed875332aca1ecdf736_sub-portfolio_image-Replyforce.jpg]
[cdn.prod.website-files.com/64d5a5c522bbdb7736beea24/650bef035958571cd6e37234_sub-portfolio_image-Learning Hive.jpg]
[cdn.prod.website-files.com/64d5a5c522bbdb7736beea24/650bef193596a7ff47821237_sub-portfolio_image-Eon Labs.jpg]
[cdn.prod.website-files.com/64d5a5c522bbdb7736beea24/650bef2fc652f7e6a336a67c_sub-portfolio_image-Saicho.jpg]
[cdn.prod.website-files.com/64d5a5c522bbdb7736beea24/650bef41e556b31d085d6419_sub-portfolio_image-12 Berkeley.jpg]
[cdn.prod.website-files.com/64d5a5c522bbdb7736beea24/650bef52694bbef6664607ac_sub-portfolio_image-SHR.jpg]
[cdn.prod.website-files.com/64d5a5c522bbdb7736beea24/650bef6239731665447a9006_sub-portfolio_image-Bentwood.jpg]
[cdn.prod.website-files.com/64d5a5c422bbdb7736bee9ce/64d5d394959f2c57ffb6458f_sub-inclusions_item-image-account-emma.jpg]
[cdn.prod.website-files.com/64d5a5c422bbdb7736bee9ce/64d5d71acbd8989df0cc477d_sub-inclusions_item-team-Chris.jpg]
[cdn.prod.website-files.com/64d5a5c422bbdb7736bee9ce/64d5d71a9b93b698868f7918_sub-inclusions_item-team-Naomi.jpg]
[cdn.prod.website-files.com/64d5a5c422bbdb7736bee9ce/64d5d71af3575b4c15acf1d9_sub-inclusions_item-team-Trixia.jpg]
[cdn.prod.website-files.com/64d5a5c422bbdb7736bee9ce/64d5d71aeb24fcef6e22c56e_sub-inclusions_item-team-Girl.jpg]
[cdn.prod.website-files.com/64d5a5c422bbdb7736bee9ce/64d5d71911fac0c5e956baa9_sub-inclusions_item-team-JP.jpg]
[cdn.prod.website-files.com/64d5a5c422bbdb7736bee9ce/64d5d7199b93b698868f7849_sub-inclusions_item-team-Cat.jpg]
[cdn.prod.website-files.com/64d5a5c422bbdb7736bee9ce/64d5d7191c8479465a475724_sub-inclusions_item-team-Guy.jpg]
[js.stripe.com/v3/pricing-table.js]
[cdn.prod.website-files.com/64d5a5c522bbdb7736beea24/64db007403a7bd71a78087a9_review_image-learning-cubs.jpg]
[cdn.prod.website-files.com/64d5a5c522bbdb7736beea24/64db00b3079bd717a8b509c3_review_image-trusted-technology.jpg]
[cdn.prod.website-files.com/64d5a5c522bbdb7736beea24/64db03c00d0e402b8fea8376_review_image-adcock-solutions.jpg]
[cdn.prod.website-files.com/64d5a5c522bbdb7736beea24/64db042b19c92a97dde0cb34_review_image-morrisby.jpg]
[cdn.prod.website-files.com/64d5a5c522bbdb7736beea24/64db045c079bd717a8b90432_review_image-copper.jpg]
[cdn.prod.website-files.com/64d5a5c522bbdb7736beea24/64db04916d4203c5c202304a_review_image-learning-hive.jpg]
[cdn.prod.website-files.com/64d5a5c522bbdb7736beea24/64db04be0c2ede08137c0efa_review_image-inter.jpg]
[cdn.prod.website-files.com/64d5a5c522bbdb7736beea24/64db04edb56ed775d967860a_review_image-jobi.jpg]
[cdn.prod.website-files.com/64d5a5c522bbdb7736beea24/65369df6b1cf8b1873c7f42f_Debbie.jpg]
[www.beyond.agency/subscription.html]
[cdn.prod.website-files.com/64d5a5c422bbdb7736bee9ce/js/beyond-subscription.fd24f44a.b66e0015dc65b291.js]
[cdn.prod.website-files.com/64d5a5c422bbdb7736bee9ce/67adc7cb6ed0499296f83cb3_Audit & Strategy Roadmap.png]
[www.beyond.agency/calculator-categories/access-everything.html]
[www.beyond.agency/calculator-categories/creative.html]
[www.beyond.agency/calculator-categories/performance.html]
[www.beyond.agency/calculator-categories/optimisation.html]
[www.beyond.agency/calculator-services/email-sms-marketing.html]
[www.beyond.agency/calculator-services/social-media.html]
[cdn.jsdelivr.net/npm/@finsweet/attributes-inputcounter@1/inputcounter.js]
[www.beyond.agency/stacker.html]
[www.beyond.agency/book-a-call.html]
[www.beyond.agency/bundles.html]
[www.beyond.agency/pricing.html]
[www.beyond.agency/resources/essential-marketing-checklist.html]
[www.beyond.agency/resources/marketing-bundle.html]
[cdnjs.cloudflare.com/ajax/libs/gsap/3.12.2/gsap.min.js]
[cdn.prod.website-files.com/64d5a5c522bbdb7736beea24/654b32238d5791423ed87648_5ff1d1920f6b4a39165ead1f_privacy.gif]
[www.beyond.agency/legal/privacy-policy.html]
[cdn.prod.website-files.com/64d5a5c522bbdb7736beea24/65aef399d6e53ad3c5325818_TP Children.gif]
[www.beyond.agency/portfolio/targeted-provision.html]
[www.beyond.agency/portfolio/barnardos-see-hear-respond.html]
[www.beyond.agency/portfolio/no-pitch-club.html]
[www.beyond.agency/portfolio/infinite-edge.html]
[cdn.prod.website-files.com/64d5a5c522bbdb7736beea24/65be2476d42815524b733504_Trusted.gif]
[cdn.prod.website-files.com/64d5a5c522bbdb7736beea24/65b520295525915bb02804ba_giffycanvas.gif]
[www.beyond.agency/portfolio/trusted-technology.html]
[www.beyond.agency/portfolio/esland-care.html]
[cdn.prod.website-files.com/64d5a5c522bbdb7736beea24/67e562871c1407da73d6df37_Imfuna Logo Appear.gif]
[cdn.prod.website-files.com/64d5a5c522bbdb7736beea24/67e560931f6eec47bf06e58a_Portrait - Gallery 1.png]
[cdn.prod.website-files.com/64d5a5c522bbdb7736beea24/67e560934b93d7a8bc74ec65_Portrait - Gallery 2.png]
[cdn.prod.website-files.com/64d5a5c522bbdb7736beea24/67e560c036e7a3fbf5051142_Landscape - Gallery 1.png]
[cdn.prod.website-files.com/64d5a5c522bbdb7736beea24/67e5614957e47e28d9626051_Imfuna App 2.gif]
[cdn.prod.website-files.com/64d5a5c522bbdb7736beea24/67e560c82be707c696964876_Landscape - Gallery 3.png]
[cdn.prod.website-files.com/64d5a5c522bbdb7736beea24/67e560cc4b93d7a8bc754246_Portrait - Gallery 3.png]
[cdn.prod.website-files.com/64d5a5c522bbdb7736beea24/67e56137bcccc1eabcf4f557_Portrait - Gallery 4.png]
[cdn.prod.website-files.com/64d5a5c522bbdb7736beea24/67e560c04b8e44467f03fe7e_Landscape - Gallery 2.png]
[cdn.prod.website-files.com/64d5a5c522bbdb7736beea24/67e5615c69342bc2e4460feb_Landscape - Gallery 7.png]
[cdn.prod.website-files.com/64d5a5c522bbdb7736beea24/67e5615cb40f814fe770004f_Landscape - Gallery 5.png]
[cdn.prod.website-files.com/64d5a5c522bbdb7736beea24/67e56175ae01838c73765de2_Landscape - Gallery 8.png]
[cdn.prod.website-files.com/64d5a5c522bbdb7736beea24/67e56176095a1fcd8bdd42c9_Landscape - Gallery 9.png]
[cdn.prod.website-files.com/64d5a5c522bbdb7736beea24/67e5617536e7a3fbf5063059_Landscape - Gallery 10.png]
[www.beyond.agency/portfolio/imfuna.html]
[www.beyond.agency/portfolio/vidgrid.html]
[www.beyond.agency/portfolio/adcock-solutions.html]
[cdn.prod.website-files.com/64d5a5c522bbdb7736beea24/65ad9b36beb57c69fe0b9217_LC Posters.gif]
[cdn.prod.website-files.com/64d5a5c522bbdb7736beea24/65ad9b491bc108fccf84da15_LC Social.gif]
[cdn.prod.website-files.com/64d5a5c522bbdb7736beea24/65ad9dd603532309331d3927_LC Girl & Characters on Shoulder.gif]
[www.beyond.agency/portfolio/learning-cubs.html]
[www.beyond.agency/portfolio/zoosh.html]
[www.beyond.agency/portfolio/tixserve.html]
[cdn.prod.website-files.com/64d5a5c522bbdb7736beea24/65ac06b4ae2374485ad1ddf6_Configure Design Styles.gif]
[cdn.prod.website-files.com/64d5a5c522bbdb7736beea24/67120328adeea9a06381c14a_Configure UI.gif]
[cdn.prod.website-files.com/64d5a5c522bbdb7736beea24/67120315c381fddbe91bdc68_Style (Select State).png]
[cdn.prod.website-files.com/64d5a5c522bbdb7736beea24/671203174729064853e8b342_Presentation.png]
[cdn.prod.website-files.com/64d5a5c522bbdb7736beea24/65ac078a7f6c64ebfa13f952_Configure Social Posts.gif]
[www.beyond.agency/portfolio/configure.html]
[cdn.prod.website-files.com/64d5a5c522bbdb7736beea24/66b4fa2199ea28268ce263d5_Landscape - Gallery 9.jpg]
[www.beyond.agency/portfolio/codept.html]
[www.beyond.agency/portfolio/copper-tax.html]
[www.beyond.agency/portfolio/eonlabs.html]
[www.beyond.agency/portfolio/coinflo.html]
[cdn.prod.website-files.com/64d5a5c522bbdb7736beea24/658f1ca80c1bc0352923e2e9_65548093202019b70d43f995_5e7783f6f021b9e440a51870_Internal-Results-Phone-2.gif]
[cdn.prod.website-files.com/64d5a5c522bbdb7736beea24/658f1e79cc289cdec05d17b6_0 Internal-Results-People copy.gif]
[cdn.prod.website-files.com/64d5a5c522bbdb7736beea24/658f1e86a2b584be92c332d6_0 Internal-Results-Icons copy.gif]
[www.beyond.agency/portfolio/internal-results.html]
[cdn.prod.website-files.com/64d5a5c522bbdb7736beea24/655480946ad849973e07fd8c_5e77640c73285058cfaffed2_StudioBeyond-Learning-Hive_16.jpg]
[www.beyond.agency/portfolio/learning-hive.html]
[www.beyond.agency/portfolio/jobi-capital.html]
[cdn.prod.website-files.com/64d5a5c522bbdb7736beea24/65ac3528a32da2cb9735fb30_PB Service Graphics.gif]
[cdn.prod.website-files.com/64d5a5c522bbdb7736beea24/65ac2c4e02af1193aef2df13_PB.gif]
[www.beyond.agency/portfolio/prospectbase.html]
[cdn.prod.website-files.com/64d5a5c522bbdb7736beea24/658f347a04fe5726091305d4_Saicho-Squares copy.gif]
[www.beyond.agency/portfolio/saicho-drinks.html]
[cdn.prod.website-files.com/64d5a5c522bbdb7736beea24/65ac1805237f9e7f85206906_JOBI Meet the Team.gif]
[www.beyond.agency/portfolio/jobi.html]
[www.beyond.agency/portfolio/optimum-motorsport.html]
[www.beyond.agency/portfolio/unloc.html]
[cdn.prod.website-files.com/64d5a5c522bbdb7736beea24/66b4fd4ad3b576fcf79a33e0_Landscape - Gallery 4.jpg]
[www.beyond.agency/portfolio/caleo.html]
[www.beyond.agency/portfolio/morrisby.html]
[cdn.prod.website-files.com/64d5a5c522bbdb7736beea24/65ad8a81e2dfb400ce389090_CookUp Recipes.gif]
[cdn.prod.website-files.com/64d5a5c522bbdb7736beea24/65ad80e4d1e5b4d973efadce_CookUp Cards.gif]
[www.beyond.agency/portfolio/cookup.html]
[www.beyond.agency/trial-task.html]
[www.beyond.agency/services/digital-marketing.html]
[www.beyond.agency/contact.html]
[www.beyond.agency/webflow-partner.html]
[www.beyond.agency/legal.html]
[www.beyond.agency/trial-task-request.html]
[cdn.prod.website-files.com/64d5a5c522bbdb7736beea24/654b322382ed9c88c86b6897_5ff1d11d791323572c590757_cookie%20monster.gif]
[www.beyond.agency/legal/cookies.html]
[cdn.prod.website-files.com/64d5a5c522bbdb7736beea24/654b3224c4182bc0aabc0c85_5ff1d135b0fd07053035e9a3_terms%20and%20conditions.gif]
[www.beyond.agency/legal/terms-conditions.html]
[cdn.prod.website-files.com/64d5a5c522bbdb7736beea24/654b32228d5791423ed875fc_5ff1d2f58465c07dc2379e7f_DMCA.gif]
[www.beyond.agency/legal/acceptable-use-policy.html]
[cdn.prod.website-files.com/64d5a5c522bbdb7736beea24/654b3223cb00245ae8298e69_5ff1d2bb954bca898bbcaf53_disclaimer.gif]
[www.beyond.agency/legal/disclaimer.html]
[cdn.prod.website-files.com/64d5a5c522bbdb7736beea24/654b3223346a4789a0ddb906_5ff1d53ff945190d2a7cc29f_dmca1.gif]
[www.beyond.agency/legal/dmca-policy.html]
[cdn.prod.website-files.com/64d5a5c522bbdb7736beea24/654b3223590c7fb13a2aa69f_5ff1d7f70bcfdcd8a9056638_refunds1.gif]
[www.beyond.agency/legal/refund-policy.html]
[www.beyond.agency/careers.html]
[www.beyond.agency/industries/non-profit-social-enterprises.html]
[www.beyond.agency/industries/cryptocurrency.html]
[www.beyond.agency/industries/edtech.html]
[www.beyond.agency/industries/fintech.html]
[www.beyond.agency/industries/hospitality-travel.html]
[www.beyond.agency/industries/real-estate-construction.html]
[www.beyond.agency/industries/retail-ecommerce.html]
[www.beyond.agency/industries/saas-products.html]
[www.beyond.agency/affiliate-sign-up.html]
[www.beyond.agency/calculators/website-calculator.html]
[www.beyond.agency/blog/the-optimum-blog-post-length-for-seo.html]
[www.beyond.agency/calculators/video-calculator.html]
[www.beyond.agency/blog/the-evolution-of-ai-in-search-google-sge.html]
[unpkg.com/tippy.js@6.3.7/themes/light.css]
[www.beyond.agency/choose-your-plan.html]
[www.beyond.agency/calculators/brand-calculator.html]
[www.beyond.agency/calculators/advertising-calculator.html]
[www.beyond.agency/resources/call-with-chris.html]
[www.beyond.agency/resources/5-minute-marketing-canvas.html]
[www.beyond.agency/resources/every-al-tool-weve-used-to-scale-our-agency-to-1m.html]
[www.beyond.agency/resources/clarityscore.html]
[www.beyond.agency/resources/ultimate-seo-checklist.html]
[www.beyond.agency/resources/automation-in-small-businesses-checklist.html]
[www.beyond.agency/resources/social-media-planner.html]
[www.beyond.agency/resources/soios-template.html]
[www.beyond.agency/resources/call-with-emma.html]
[www.beyond.agency/blog/tracking-google-rankings-seo-tools-to-improve-your-performance.html]
[www.beyond.agency/blog/4-steps-to-international-marketing-success.html]
[www.beyond.agency/blog/launching-into-the-gcc-market-localization-strategies.html]
[www.beyond.agency/blog/how-much-does-a-digital-marketing-agency-cost.html]
[www.beyond.agency/blog/the-secret-to-revenue-growth-boosting-business-performance-through-website-bandwidth.html]
[www.beyond.agency/blog/how-to-boost-email-open-rates.html]
[www.beyond.agency/blog/implementing-marketing-automation-reducing-costs-by-25-while-increasing-efficiency.html]
[www.beyond.agency/blog/the-power-of-blogging-3-reasons-businesses-should-write-more.html]
[www.beyond.agency/blog/10-ways-to-bulletproof-your-marketing-strategy-through-the-recession.html]
[www.beyond.agency/blog/how-much-does-a-website-cost.html]
[www.beyond.agency/blog/is-seo-dead.html]
[www.beyond.agency/blog/10-common-mistakes-that-hurt-your-google-rankings.html]
[www.beyond.agency/blog/why-isnt-my-new-website-ranking-on-google.html]
[www.beyond.agency/blog/how-to-outrank-competitors-with-higher-google-rankings.html]
[www.beyond.agency/blog/bing-is-back-or-is-it-a-fierce-battle-google-vs-bing.html]
[www.beyond.agency/blog/content-is-king-perfecting-your-content-first-design.html]
[www.beyond.agency/blog/will-ai-content-replace-creative-copywriters.html]
[www.beyond.agency/blog/will-ai-take-my-job-in-2023-and-beyond.html]
[www.beyond.agency/blog/a-guide-to-keyword-research-and-article-creation.html]
[www.beyond.agency/blog/8-of-the-best-marketing-campaigns-in-2022.html]
[www.beyond.agency/blog/how-ai-emerging-technologies-are-changing-the-creative-landscape.html]
[www.beyond.agency/blog/5-top-trends-every-marketer-should-be-aware-of-in-2023.html]
[www.beyond.agency/blog/semrush-vs-ubersuggest-which-seo-tool-is-best.html]
[www.beyond.agency/blog/why-you-should-hire-a-digital-marketing-agency.html]
[www.beyond.agency/blog/marketing-campaigns-on-a-budget.html]
[www.beyond.agency/blog/the-ultimate-guide-to-a-successful-marketing-campaign.html]
[www.beyond.agency/blog/how-often-should-i-refresh-my-website.html]
[www.beyond.agency/blog/webflow-vs-wordpress.html]
[www.beyond.agency/blog/hubspot-vs-mailchimp-whats-the-best-marketing-platform.html]
[www.beyond.agency/blog/paid-vs-organic-marketing-which-reaps-the-best-results.html]
[www.beyond.agency/blog/web-3-0-explained.html]
[www.beyond.agency/blog/will-ai-take-my-job.html]
[www.beyond.agency/blog/what-is-artificial-intelligence.html]
[www.beyond.agency/blog/3-ways-to-build-an-effective-content-marketing-strategy-in-2023.html]
[www.beyond.agency/blog/a-guide-to-design-marketing-in-the-metaverse.html]
[www.beyond.agency/blog/metaverse-explained-what-it-is-why-it-exists-where-its-going.html]
[www.beyond.agency/blog/5-tips-to-reduce-your-websites-bounce-rate.html]
[www.beyond.agency/blog/15-great-ideas-for-your-business-instagram-reels.html]
[www.beyond.agency/blog/webflow-vs-hubspot-which-cms-is-better.html]
[www.beyond.agency/blog/5-ways-remote-digital-agencies-can-strive-to-become-carbon-neutral-in-2022.html]
[www.beyond.agency/blog/top-10-design-trends-for-2022.html]
[www.beyond.agency/blog/mvp-website-approach.html]
[www.beyond.agency/blog/8-website-trends-to-look-out-for-in-2022.html]
[www.beyond.agency/blog/digital-psychology-in-marketing.html]
[www.beyond.agency/blog/5-tips-to-increase-website-conversion.html]
[www.beyond.agency/blog/how-you-can-prepare-your-website-for-googles-core-update.html]
[www.beyond.agency/blog/why-remote-digital-agencies-are-moving-to-4-day-workweeks.html]
[www.beyond.agency/blog/website-trends-2021.html]
[www.beyond.agency/blog/8-principles-of-great-website-design.html]
[www.beyond.agency/calculator-categories/access-everything.html]
[www.beyond.agency/calculator-categories/creative.html]
[www.beyond.agency/calculator-categories/performance.html]
[www.beyond.agency/calculator-categories/optimisation.html]
[www.beyond.agency/calculator-services/email-sms-marketing.html]
[www.beyond.agency/calculator-services/social-media.html]
[www.beyond.agency/trial-task-request.html]
[www.beyond.agency/_https_/cdn.prod.website-files.com/64d5a5c522bbdb7736beea24/658ebf5a64536a06467033be_OG.html]
[www.beyond.agency/_https_/cdn.prod.website-files.com/64d5a5c522bbdb7736beea24/658f30e94f46b9ec4e16e861_OG.html]
[www.beyond.agency/_https_/cdn.prod.website-files.com/64d5a5c522bbdb7736beea24/65ac11e68b8bec189003ce10_OG.html]
[www.beyond.agency/_https_/cdn.prod.website-files.com/64d5a5c522bbdb7736beea24/65ac2cc0db24d071131c22ad_Desktop copy.html]
[www.beyond.agency/_https_/cdn.prod.website-files.com/64d5a5c522bbdb7736beea24/65ac2540fe72c2b69345826c_OG.html]
[www.beyond.agency/_https_/cdn.prod.website-files.com/64d5a5c522bbdb7736beea24/658f135f31d16c0a0195fc1c_OG.html]
[www.beyond.agency/_https_/cdn.prod.website-files.com/64d5a5c522bbdb7736beea24/658eb73b464ea3ca8a65dfbf_OG.html]
[www.beyond.agency/_https_/cdn.prod.website-files.com/64d5a5c522bbdb7736beea24/658f3414729a651f8bae6c14_OG.html]
[www.beyond.agency/_https_/cdn.prod.website-files.com/64d5a5c522bbdb7736beea24/658f40e9560869e694b8aa37_OG.html]
[www.beyond.agency/_https_/cdn.prod.website-files.com/64d5a5c522bbdb7736beea24/658ee8c0ff87bd15a66a4424_OG.html]
[www.beyond.agency/_https_/cdn.prod.website-files.com/64d5a5c522bbdb7736beea24/65ad87c3ca0815c78762b049_OG.html]
[www.beyond.agency/_https_/cdn.prod.website-files.com/64d5a5c522bbdb7736beea24/65ad7f9a02af1193aea29209_OG.html]
[www.beyond.agency/_https_/cdn.prod.website-files.com/64d5a5c522bbdb7736beea24/658f1ed3237aa7cdadad5e22_OG.html]
[www.beyond.agency/_https_/cdn.prod.website-files.com/64d5a5c522bbdb7736beea24/658eb129c7b40fc6416552e2_OG.html]
[www.beyond.agency/_https_/cdn.prod.website-files.com/64d5a5c522bbdb7736beea24/658ed66b047fec10a9a072ba_OG.html]
[www.beyond.agency/industries/health-wellbeing.html]
[www.beyond.agency/portfolio/_https_/cdn.prod.website-files.com/64d5a5c522bbdb7736beea24/65ad87d1e00057e5d287726d_Hero Image.html]
[www.beyond.agency/portfolio/_https_/cdn.prod.website-files.com/64d5a5c522bbdb7736beea24/65ad862cb9187368a09764e4_Before.html]
[www.beyond.agency/portfolio/_https_/cdn.prod.website-files.com/64d5a5c522bbdb7736beea24/65ad8632b9eea4cecb557422_After.html]
[www.beyond.agency/portfolio/_https_/cdn.prod.website-files.com/64d5a5c422bbdb7736bee9ce/64d5f25ec697c456bba4c22c_cta-bg-poster-00001.html]
[www.beyond.agency/portfolio/_https_/cdn.prod.website-files.com/64d5a5c522bbdb7736beea24/65abb8fe1f8a594b4b6ef622_Hero Image.html]
[www.beyond.agency/services/_https_/cdn.prod.website-files.com/64d5a5c422bbdb7736bee9ce/64d5f25ec697c456bba4c22c_cta-bg-poster-00001.jpg_]
[www.beyond.agency/service/social-media]
[www.beyond.agency/service/ppc.html]
[www.beyond.agency/marketing.html]
[www.beyond.agency/indexb8a4.html]
[www.beyond.agency/calculators/_https_/cdn.prod.website-files.com/64d5a5c422bbdb7736bee9ce/64d5f25ec697c456bba4c22c_cta-bg-poster-00001.html]
[www.beyond.agency/resources/website-audit-competitor-review-checklist.html]
[www.beyond.agency/resources/_https_/cdn.prod.website-files.com/64d5a5c422bbdb7736bee9ce/64d5f25ec697c456bba4c22c_cta-bg-poster-00001.html]
[www.beyond.agency/resources/done-for-you-website-audit-checklist-executive-summary.html]
[www.beyond.agency/blog/_https_/cdn.prod.website-files.com/64d5a5c422bbdb7736bee9ce/64d5f25ec697c456bba4c22c_cta-bg-poster-00001.html]
[www.beyond.agency/blog/6-ways-to-leverage-google-business-profile-for-better-rankings]
[www.beyond.agency/calculator-services/beyond-consultancy.html]
[www.beyond.agency/calculator-services/unlimited-design.html]
[www.beyond.agency/calculator-services/growth-partner.html]
[www.beyond.agency/calculator-services/growth-tool.html]
[www.beyond.agency/calculator-services/unlimited-design-plus.html]
[www.beyond.agency/calculator-services/paid-social.html]
[www.beyond.agency/calculator-services/ai-automation.html]
[www.beyond.agency/calculator-services/ppc.html]
[www.beyond.agency/calculator-services/website-maintenance.html]
[www.beyond.agency/calculator-services/seo.html]
[www.beyond.agency/choose-your-plan-usd.html]
[www.beyond.agency/choose-your-plan-gbp.html]
[www.beyond.agency/legal/_https_/cdn.prod.website-files.com/64d5a5c422bbdb7736bee9ce/64d5f25ec697c456bba4c22c_cta-bg-poster-00001.html]
[www.beyond.agency/_https_/cdn.prod.website-files.com/64d5a5c422bbdb7736bee9ce/64d5f25ec697c456bba4c22c_cta-bg-poster-00001.html]
[www.beyond.agency/portfolio/_https_/cdn.prod.website-files.com/64d5a5c522bbdb7736beea24/65ad8afebde0d3879d6a030e_Hero Image.html]
[www.beyond.agency/portfolio/_https_/cdn.prod.website-files.com/64d5a5c522bbdb7736beea24/65ad8b20dba71fccff86507c_Before.html]
[www.beyond.agency/portfolio/_https_/cdn.prod.website-files.com/64d5a5c522bbdb7736beea24/65ad8b246d1cea573696cf1e_After.html]
[www.beyond.agency/portfolio/_https_/cdn.prod.website-files.com/64d5a5c522bbdb7736beea24/658eea6f560869e69484b732_NoPitchClub.html]
[www.beyond.agency/portfolio/_https_/cdn.prod.website-files.com/64d5a5c522bbdb7736beea24/658ec2fced55ff3bcce37797_InfiniteEdge-Beyond-Agency-Intro.html]
[www.beyond.agency/portfolio/_https_/cdn.prod.website-files.com/64d5a5c522bbdb7736beea24/65b51e72ef338f6b248181ca_Hero Image.html]
[www.beyond.agency/portfolio/_https_/cdn.prod.website-files.com/64d5a5c522bbdb7736beea24/65b51e88b14dbcb392427985_Before.html]
[www.beyond.agency/portfolio/_https_/cdn.prod.website-files.com/64d5a5c522bbdb7736beea24/65b51e8e5265f9f59906bf65_After.html]
[www.beyond.agency/portfolio/_https_/cdn.prod.website-files.com/64d5a5c522bbdb7736beea24/658ed706a72ff292b0f12c6d_Esland Care Portfolio-4.html]
[www.beyond.agency/portfolio/_https_/cdn.prod.website-files.com/64d5a5c522bbdb7736beea24/658ed794e77438a61c979f38_Before.html]
[www.beyond.agency/portfolio/_https_/cdn.prod.website-files.com/64d5a5c522bbdb7736beea24/658ed79798cc4bb0e9906768_After.html]
[www.beyond.agency/portfolio/_https_/cdn.prod.website-files.com/64d5a5c522bbdb7736beea24/67e562871c1407da73d6df37_Imfuna Logo Appear.html]
[www.beyond.agency/portfolio/_https_/cdn.prod.website-files.com/64d5a5c522bbdb7736beea24/67e5606a4b93d7a8bc74b5bf_Before.html]
[www.beyond.agency/portfolio/_https_/cdn.prod.website-files.com/64d5a5c522bbdb7736beea24/67e560708ac31631621afc7d_After.html]
[www.beyond.agency/portfolio/_https_/cdn.prod.website-files.com/64d5a5c522bbdb7736beea24/658f1488ff87bd15a682471c_VidGrid Portfolio (1]
[www.beyond.agency/portfolio/_https_/cdn.prod.website-files.com/64d5a5c522bbdb7736beea24/658f2b93e4cd9725cab69d7e_StudioBeyond-Adcock-Solutions_1.html]
[www.beyond.agency/portfolio/_https_/cdn.prod.website-files.com/64d5a5c522bbdb7736beea24/658efa21f72dcb0059c41b6a_Before.webp_]
[www.beyond.agency/portfolio/_https_/cdn.prod.website-files.com/64d5a5c522bbdb7736beea24/658efa242f3b272e25b1e189_After.webp_]
[www.beyond.agency/portfolio/_https_/cdn.prod.website-files.com/64d5a5c522bbdb7736beea24/65eea6f9134ac0016d05bf77_Hero Image.webp_]
[www.beyond.agency/portfolio/_https_/cdn.prod.website-files.com/64d5a5c522bbdb7736beea24/65ede9d4a2162d7beb1e0a11_Hero Image.html]
[www.beyond.agency/portfolio/_https_/cdn.prod.website-files.com/64d5a5c522bbdb7736beea24/65edeaa99b9e3f55e1976446_Before.html]
[www.beyond.agency/portfolio/_https_/cdn.prod.website-files.com/64d5a5c522bbdb7736beea24/65edeaad90a45f05ab8c156c_After.html]
[www.beyond.agency/portfolio/_https_/cdn.prod.website-files.com/64d5a5c522bbdb7736beea24/658ebf8cff63da989b614698_Copper Tax Portfolio Hero.html]
[www.beyond.agency/portfolio/_https_/cdn.prod.website-files.com/64d5a5c522bbdb7736beea24/65c3a47cdfcf0c7f3f3abc88_Hero Image.html]
[www.beyond.agency/portfolio/_https_/cdn.prod.website-files.com/64d5a5c522bbdb7736beea24/658eb3f19c559cf0d6dedf7a_Coinflo 1.html]
[www.beyond.agency/portfolio/_https_/cdn.prod.website-files.com/64d5a5c522bbdb7736beea24/658f1f0aa7939e425132e58b_Internal Results Hero Image.html]
[www.beyond.agency/portfolio/_https_/cdn.prod.website-files.com/64d5a5c522bbdb7736beea24/658f1e54a47d079aa325c736_Before.html]
[www.beyond.agency/portfolio/_https_/cdn.prod.website-files.com/64d5a5c522bbdb7736beea24/658f1e57955f65084e8e657a_After.html]
[www.beyond.agency/portfolio/_https_/cdn.prod.website-files.com/64d5a5c522bbdb7736beea24/658f41b0b26b11084f45639a_StudioBeyond-Jobi-Capital_7.html]
[www.beyond.agency/portfolio/_https_/cdn.prod.website-files.com/64d5a5c522bbdb7736beea24/658f3429a7939e425142120d_Landscape - Gallery 6.html]
[www.beyond.agency/portfolio/_https_/cdn.prod.website-files.com/64d5a5c522bbdb7736beea24/65ac11fb237f9e7f851d13d3_CLIENT-Beyond-Agency Cover-01.html]
[www.beyond.agency/portfolio/_https_/cdn.prod.website-files.com/64d5a5c522bbdb7736beea24/658f31aa98cc4bb0e9c50079_Optimum-Motorsport-Beyond-Agency-01.webp_]
[www.beyond.agency/portfolio/_https_/cdn.prod.website-files.com/64d5a5c522bbdb7736beea24/658f30f31c31c1ee98ff1416_Before.webp_]
[www.beyond.agency/portfolio/_https_/cdn.prod.website-files.com/64d5a5c522bbdb7736beea24/658f30f731d16c0a01aaa662_After.webp_]
[www.beyond.agency/portfolio/_https_/cdn.prod.website-files.com/64d5a5c522bbdb7736beea24/65a44704f2392ef11285c043_Hero Image.webp_]
[www.beyond.agency/portfolio/_https_/cdn.prod.website-files.com/64d5a5c522bbdb7736beea24/65a4540c9f6d3c6f7e914926_Before.html]
[www.beyond.agency/portfolio/_https_/cdn.prod.website-files.com/64d5a5c522bbdb7736beea24/65a4540fc1bb1e608c61e2b2_After.html]
[www.beyond.agency/portfolio/_https_/cdn.prod.website-files.com/64d5a5c522bbdb7736beea24/658edbe6e77438a61c9a0635_Before.html]
[www.beyond.agency/portfolio/_https_/cdn.prod.website-files.com/64d5a5c522bbdb7736beea24/658edbe879e299a03b1d522e_After.html]
[www.beyond.agency/portfolio/_https_/cdn.prod.website-files.com/64d5a5c522bbdb7736beea24/65ad8084bde0d3879d648202_Before.html]
[www.beyond.agency/portfolio/_https_/cdn.prod.website-files.com/64d5a5c522bbdb7736beea24/65ad8089c21f4217280a495e_After.html]
[www.beyond.agency/_https_/cdn.prod.website-files.com/64d5a5c522bbdb7736beea24/65a44722ff2f9a1e1d0774e8_OG.html]
[www.beyond.agency/_https_/cdn.prod.website-files.com/64d5a5c522bbdb7736beea24/65ad80a0e33bc4e6b5743e0b_OG.html]
[www.beyond.agency/_https_/cdn.prod.website-files.com/64d5a5c522bbdb7736beea24/658f2aed64761a9ccc7eca7e_OG.html]
[www.beyond.agency/_https_/cdn.prod.website-files.com/64d5a5c522bbdb7736beea24/67e560846e851435e3dc7ac9_OG.html]
[www.beyond.agency/_https_/cdn.prod.website-files.com/64d5a5c522bbdb7736beea24/65c3a488933bad45c4b3c26c_OG.html]
[www.beyond.agency/_https_/cdn.prod.website-files.com/64d5a5c522bbdb7736beea24/65eea74d6b0dcf9469c96b6c_OG.html]
[www.beyond.agency/_https_/cdn.prod.website-files.com/64d5a5c522bbdb7736beea24/65edea249d94c555ff4dcf27_OG.html]
[www.beyond.agency/_https_/cdn.prod.website-files.com/64d5a5c522bbdb7736beea24/658efa17ddddc68831482cd8_OG.html]
[www.beyond.agency/_https_/cdn.prod.website-files.com/64d5a5c522bbdb7736beea24/658edbd9ff63da989b73534a_OG.html]
[www.beyond.agency/_https_/cdn.prod.website-files.com/64d5a5c522bbdb7736beea24/65b539f9812fbc6fb3ef458b_OG.html]
[www.beyond.agency/_https_/cdn.prod.website-files.com/64d5a5c522bbdb7736beea24/658ec2f3660f1086ba72653a_OG.html]
[www.beyond.agency/_https_/cdn.prod.website-files.com/64d5a5c522bbdb7736beea24/65b51e7b4b8e99cd2db7f14f_OG.html]
[www.beyond.agency/_https_/cdn.prod.website-files.com/64d5a5c522bbdb7736beea24/65abb90b43d996851a68d01b_OG.html]
[www.beyond.agency/_https_/cdn.prod.website-files.com/64d5a5c522bbdb7736beea24/65ad8b04d01d378a5119e3e1_OG.html]
[www.beyond.agency/_https_/cdn.prod.website-files.com/64d5a5c522bbdb7736beea24/65eeacf735402507beda1cb8_OG.html]
